<k> true  ( true  ( true  ( true  ( true  ( true  ( true  ( true  ( true  ( true  ( true  ( true  ( true  ( true  ( true  ( true  ( true  ( true  ( true  ( true  ( true  ( true  ( true  ( true  ( true  ( true  ( true  ( true  ( true  ( true  ( true  ( true  ( true  ( true  ( true  ( true  ( true  ( true  ( true  ( true  ( true  ( true  ( true  ( true  ( true  ( true  ( true  ( true  ( true  ( true  ( true  ( true  ( true  ( true  ( true  ( true  ( true  ( true  ( true  ( true  ( true  ( true  ( true  ( true  ( true  ( true  ( true  ( true  ( true  ( true  ( true  ( true  ( true  ( true  ( true  ( true  ( true  ( true  ( true  ( true  ( true  ( true  ( true  ( true  ( true  ( true  ( true  ( true  ( true  ( true  ( true  ( true  ( true  ( true  ( true  ( true  ( true  ( true  ( true  ( true  ( true  ( true  .Tasks ) ) ) ) ) ) ) ) ) ) ) ) ) ) ) ) ) ) ) ) ) ) ) ) ) ) ) ) ) ) ) ) ) ) ) ) ) ) ) ) ) ) ) ) ) ) ) ) ) ) ) ) ) ) ) ) ) ) ) ) ) ) ) ) ) ) ) ) ) ) ) ) ) ) ) ) ) ) ) ) ) ) ) ) ) ) ) ) ) ) ) ) ) ) ) ) ) ) ) ) ) </k>
