V ==K ( ( int , int , .TypeVars ) pair , .TypeVars ) list
