V ==K ( ( int , ( int , .TypeVars ) wrapper , .TypeVars ) pair , ( int , int , .TypeVars ) pair , .TypeVars ) pair
