V ==K [ Pair ( 10 , 9 , .Vals ) , Pair ( 0 , 1 , .Vals ) , Pair ( 0 , 0 , .Vals ) , .Vals ]
