V ==K closure ( .Map , Triple ( x , y , z , .Names ) -> y | .Cases )
