V ==K Tree ( Tree ( Tree ( Leaf ( 5 , .Vals ) , Leaf ( 4 , .Vals ) , .Vals ) , Leaf ( 3 , .Vals ) , .Vals ) , Tree ( Leaf ( 2 , .Vals ) , Leaf ( 1 , .Vals ) , .Vals ) , .Vals )
