V ==K Pair ( Pair ( 1 , Wrapper ( 2 , .Vals ) , .Vals ) , Pair ( 3 , 4 , .Vals ) , .Vals )
